// Jest Snapshot v1, https://goo.gl/fbAQLP

exports[`<Todo> renders correctly 1`] = `
<div
  className="MuiPaper-root MuiCard-root sc-AykKD ewcSlM MuiPaper-elevation1 MuiPaper-rounded"
>
  <div
    className="sc-AykKE cBTOBV"
  >
    <div
      className="MuiCardContent-root sc-AykKC gGkBwA"
    >
      <h2
        className="MuiTypography-root MuiTypography-h5"
      >
        <a
          href="/form/aaa"
          onClick={[Function]}
        >
          <span
            data-testid="title"
          >
            bbb
          </span>
          (
          aaa
          )
        </a>
      </h2>
      <div
        data-testid="changeStatus"
        onClick={[Function]}
      >
        ‚ùå
         
      </div>
      <button
        onClick={[Function]}
      >
        <svg
          aria-hidden="true"
          className="MuiSvgIcon-root"
          focusable="false"
          role="presentation"
          viewBox="0 0 24 24"
        >
          <path
            d="M20 15.31L23.31 12 20 8.69V4h-4.69L12 .69 8.69 4H4v4.69L.69 12 4 15.31V20h4.69L12 23.31 15.31 20H20v-4.69zM12 18V6c3.31 0 6 2.69 6 6s-2.69 6-6 6z"
          />
        </svg>
      </button>
    </div>
  </div>
</div>
`;
